[+] Loaded label maps: stages=13 actions=9
Warning: You are sending unauthenticated requests to the HF Hub. Please set a HF_TOKEN to enable higher rate limits and faster downloads.
[+] Loaded tokenizer: microsoft/codebert-base
[+] Loaded dataset rows: train=6017 val=713 test=829
Loading weights:   0%|          | 0/199 [00:00<?, ?it/s]Loading weights: 100%|██████████| 199/199 [00:00<00:00, 16258.89it/s]
[+] Loaded model on device=cuda
[+] Starting epoch 1/4 with 377 batches
epoch=1 step=1/377 avg_loss=3.5102 secs=0.5
epoch=1 step=100/377 avg_loss=2.5502 secs=38.0
epoch=1 step=200/377 avg_loss=2.3856 secs=76.3
epoch=1 step=300/377 avg_loss=2.2277 secs=114.8
epoch=1 step=377/377 avg_loss=2.1496 secs=144.1
epoch=1 loss=2.1496 val_stage_acc=0.4853 val_stage_macro_f1=0.2289 val_action_micro_f1=0.8139 secs=149.3
[+] Starting epoch 2/4 with 377 batches
epoch=2 step=1/377 avg_loss=1.7056 secs=0.4
epoch=2 step=100/377 avg_loss=1.5858 secs=38.7
epoch=2 step=200/377 avg_loss=1.5458 secs=77.3
epoch=2 step=300/377 avg_loss=1.5195 secs=115.9
epoch=2 step=377/377 avg_loss=1.5158 secs=145.3
epoch=2 loss=1.5158 val_stage_acc=0.6017 val_stage_macro_f1=0.3397 val_action_micro_f1=0.9424 secs=150.5
[+] Starting epoch 3/4 with 377 batches
epoch=3 step=1/377 avg_loss=1.1525 secs=0.4
epoch=3 step=100/377 avg_loss=1.1898 secs=38.6
epoch=3 step=200/377 avg_loss=1.1612 secs=77.0
epoch=3 step=300/377 avg_loss=1.1234 secs=115.6
epoch=3 step=377/377 avg_loss=1.1092 secs=144.9
epoch=3 loss=1.1092 val_stage_acc=0.6339 val_stage_macro_f1=0.4103 val_action_micro_f1=0.9446 secs=150.0
[+] Starting epoch 4/4 with 377 batches
epoch=4 step=1/377 avg_loss=0.6052 secs=0.4
epoch=4 step=100/377 avg_loss=0.7788 secs=38.7
epoch=4 step=200/377 avg_loss=0.7873 secs=77.2
epoch=4 step=300/377 avg_loss=0.7891 secs=115.9
epoch=4 step=377/377 avg_loss=0.7941 secs=145.3
epoch=4 loss=0.7941 val_stage_acc=0.6269 val_stage_macro_f1=0.4533 val_action_micro_f1=0.9547 secs=150.4
{
  "test": {
    "stage_acc": 0.6393244873341375,
    "stage_macro_f1": 0.49133410951284107,
    "action_micro_f1": 0.9559748427672956
  }
}
[+] Saved model to /home/sam/genos/genos_api/models/behavior_encoder.pt
[+] Saved metadata to /home/sam/genos/genos_api/models/behavior_encoder.json
