[+] Loaded label maps: stages=12 actions=9
Warning: You are sending unauthenticated requests to the HF Hub. Please set a HF_TOKEN to enable higher rate limits and faster downloads.
[+] Loaded tokenizer: microsoft/codebert-base
[+] Loaded dataset rows: train=6017 val=713 test=829
Loading weights:   0%|          | 0/199 [00:00<?, ?it/s]Loading weights: 100%|██████████| 199/199 [00:00<00:00, 17264.79it/s]
[+] Loaded model on device=cuda
[+] Starting epoch 1/4 with 377 batches
epoch=1 step=1/377 avg_loss=3.3034 secs=0.5
epoch=1 step=100/377 avg_loss=2.4862 secs=38.4
epoch=1 step=200/377 avg_loss=2.3155 secs=77.0
epoch=1 step=300/377 avg_loss=2.2100 secs=115.4
epoch=1 step=377/377 avg_loss=2.1317 secs=145.0
epoch=1 loss=2.1317 val_stage_acc=0.5063 val_stage_macro_f1=0.2879 val_action_micro_f1=0.8883 secs=150.2
[+] Starting epoch 2/4 with 377 batches
epoch=2 step=1/377 avg_loss=1.2884 secs=0.4
epoch=2 step=100/377 avg_loss=1.5978 secs=38.9
epoch=2 step=200/377 avg_loss=1.5457 secs=77.5
epoch=2 step=300/377 avg_loss=1.4952 secs=116.1
epoch=2 step=377/377 avg_loss=1.4707 secs=145.6
epoch=2 loss=1.4707 val_stage_acc=0.6255 val_stage_macro_f1=0.3924 val_action_micro_f1=0.9228 secs=150.7
[+] Starting epoch 3/4 with 377 batches
epoch=3 step=1/377 avg_loss=1.0014 secs=0.4
epoch=3 step=100/377 avg_loss=1.1162 secs=38.8
epoch=3 step=200/377 avg_loss=1.1023 secs=77.6
epoch=3 step=300/377 avg_loss=1.0954 secs=116.2
epoch=3 step=377/377 avg_loss=1.0821 secs=145.8
epoch=3 loss=1.0821 val_stage_acc=0.6396 val_stage_macro_f1=0.4341 val_action_micro_f1=0.9540 secs=150.9
[+] Starting epoch 4/4 with 377 batches
epoch=4 step=1/377 avg_loss=0.8428 secs=0.4
epoch=4 step=100/377 avg_loss=0.7597 secs=38.7
epoch=4 step=200/377 avg_loss=0.7500 secs=77.3
epoch=4 step=300/377 avg_loss=0.7487 secs=116.0
epoch=4 step=377/377 avg_loss=0.7567 secs=145.5
epoch=4 loss=0.7567 val_stage_acc=0.6564 val_stage_macro_f1=0.4702 val_action_micro_f1=0.9671 secs=150.5
{
  "test": {
    "stage_acc": 0.6550060313630881,
    "stage_macro_f1": 0.49532095585561553,
    "action_micro_f1": 0.9614325068870524
  }
}
[+] Saved model to /home/sam/genos/genos_api/models/behavior_encoder.pt
[+] Saved metadata to /home/sam/genos/genos_api/models/behavior_encoder.json
