[*] Training on device: cuda
[*] Loading and pre-tokenizing Gatekeeper 3-class dataset (Train)...
[+] Train load complete: 28372 benign | 4997 malicious | 3629 context_dependent
[*] Loading and pre-tokenizing Gatekeeper 3-class dataset (Validation)...
[+] Validation load complete: 5094 benign | 597 malicious | 467 context_dependent
[*] Loading and pre-tokenizing Gatekeeper 3-class dataset (Test)...
[+] Test load complete: 5399 benign | 685 malicious | 515 context_dependent
[*] Batch config: micro=32, grad_acc=8, effective=256
[*] torch.compile() disabled.
[*] Dynamic class weights: Benign=0.6593, Malicious=1.5710, Context_Dependent=1.8435
[*] Balanced sampling enabled: power=1.00 (replacement sampling across classes)

[Epoch 1] train_loss=0.7433 train_acc=61.68% | val_acc=75.41% val_macro_f1=0.6408
  Benign                P=0.9933  R=0.7281  F1=0.8403
  Malicious             P=0.4991  R=0.8844  F1=0.6381
  Context_Dependent     P=0.2980  R=0.8715  F1=0.4441
[+] Gatekeeper improved. Saved weights to /home/snake/genos_api/genos_api/models/gatekeeper.pt
------------------------------------------------------------------------

[Epoch 2] train_loss=0.4339 train_acc=85.62% | val_acc=82.40% val_macro_f1=0.7110
  Benign                P=0.9937  R=0.8082  F1=0.8914
  Malicious             P=0.5523  R=0.8928  F1=0.6825
  Context_Dependent     P=0.4038  R=0.9079  F1=0.5590
[+] Gatekeeper improved. Saved weights to /home/snake/genos_api/genos_api/models/gatekeeper.pt
------------------------------------------------------------------------

[Epoch 3] train_loss=0.3557 train_acc=90.14% | val_acc=89.49% val_macro_f1=0.8001
  Benign                P=0.9932  R=0.8932  F1=0.9406
  Malicious             P=0.5904  R=0.9079  F1=0.7155
  Context_Dependent     P=0.6358  R=0.8972  F1=0.7442
[+] Gatekeeper improved. Saved weights to /home/snake/genos_api/genos_api/models/gatekeeper.pt
------------------------------------------------------------------------

[Epoch 4] train_loss=0.3168 train_acc=92.11% | val_acc=88.54% val_macro_f1=0.7863
  Benign                P=0.9947  R=0.8804  F1=0.9341
  Malicious             P=0.5941  R=0.9045  F1=0.7171
  Context_Dependent     P=0.5770  R=0.9143  F1=0.7075
------------------------------------------------------------------------
