[*] Training on device: cuda
Warning: You are sending unauthenticated requests to the HF Hub. Please set a HF_TOKEN to enable higher rate limits and faster downloads.
[*] Loading and pre-tokenizing Gatekeeper 3-class dataset (Train)...
[+] Train load complete: 29465 benign | 15805 malicious | 7920 context_dependent
[*] Loading and pre-tokenizing Gatekeeper 3-class dataset (Validation)...
[+] Validation load complete: 5228 benign | 2823 malicious | 1436 context_dependent
[*] Loading and pre-tokenizing Gatekeeper 3-class dataset (Test)...
[+] Test load complete: 5553 benign | 2983 malicious | 1503 context_dependent
[*] Batch config: micro=32, grad_acc=8, effective=256
Loading weights:   0%|          | 0/199 [00:00<?, ?it/s]Loading weights: 100%|██████████| 199/199 [00:00<00:00, 16012.17it/s]
[*] torch.compile() disabled.
[*] Dynamic class weights: Benign=0.7757, Malicious=1.0591, Context_Dependent=1.4962
[*] Balanced sampling enabled: power=1.00 (replacement sampling across classes)
[*] Epoch 1/5 step 100/1663 train_acc=34.47%
[*] Epoch 1/5 step 200/1663 train_acc=39.23%
[*] Epoch 1/5 step 300/1663 train_acc=44.36%
[*] Epoch 1/5 step 400/1663 train_acc=47.51%
[*] Epoch 1/5 step 500/1663 train_acc=52.23%
[*] Epoch 1/5 step 600/1663 train_acc=56.77%
[*] Epoch 1/5 step 700/1663 train_acc=60.19%
[*] Epoch 1/5 step 800/1663 train_acc=63.07%
[*] Epoch 1/5 step 900/1663 train_acc=65.48%
[*] Epoch 1/5 step 1000/1663 train_acc=67.38%
[*] Epoch 1/5 step 1100/1663 train_acc=69.16%
[*] Epoch 1/5 step 1200/1663 train_acc=70.61%
[*] Epoch 1/5 step 1300/1663 train_acc=71.83%
[*] Epoch 1/5 step 1400/1663 train_acc=73.06%
[*] Epoch 1/5 step 1500/1663 train_acc=74.14%
[*] Epoch 1/5 step 1600/1663 train_acc=75.07%
[*] Epoch 1/5 step 1663/1663 train_acc=75.59%

[Epoch 1] train_loss=0.7532 train_acc=75.59% | val_acc=91.88% val_macro_f1=0.9054
  Benign                P=0.9770  R=0.8931  F1=0.9331
  Malicious             P=0.9170  R=0.9476  F1=0.9321
  Context_Dependent     P=0.7666  R=0.9561  F1=0.8509
  Aux heads             NB-AUC=0.9892839107714291  NB-AP=0.9889615529206155  MC-AUC=0.9973018095489005  MC-AP=0.9986073908731244  Risk-MAE=0.46955329394006273
[+] Gatekeeper improved. Saved weights to /home/sam/genos/genos_api/models/gatekeeper.pt
------------------------------------------------------------------------
[*] Epoch 2/5 step 100/1663 train_acc=90.78%
[*] Epoch 2/5 step 200/1663 train_acc=90.20%
[*] Epoch 2/5 step 300/1663 train_acc=90.40%
[*] Epoch 2/5 step 400/1663 train_acc=90.16%
[*] Epoch 2/5 step 500/1663 train_acc=90.26%
[*] Epoch 2/5 step 600/1663 train_acc=90.43%
[*] Epoch 2/5 step 700/1663 train_acc=90.62%
[*] Epoch 2/5 step 800/1663 train_acc=90.83%
[*] Epoch 2/5 step 900/1663 train_acc=90.92%
[*] Epoch 2/5 step 1000/1663 train_acc=91.00%
[*] Epoch 2/5 step 1100/1663 train_acc=91.17%
[*] Epoch 2/5 step 1200/1663 train_acc=91.31%
[*] Epoch 2/5 step 1300/1663 train_acc=91.48%
[*] Epoch 2/5 step 1400/1663 train_acc=91.53%
[*] Epoch 2/5 step 1500/1663 train_acc=91.63%
[*] Epoch 2/5 step 1600/1663 train_acc=91.66%
[*] Epoch 2/5 step 1663/1663 train_acc=91.72%

[Epoch 2] train_loss=0.4135 train_acc=91.72% | val_acc=93.10% val_macro_f1=0.9167
  Benign                P=0.9851  R=0.9111  F1=0.9466
  Malicious             P=0.9444  R=0.9451  F1=0.9448
  Context_Dependent     P=0.7668  R=0.9756  F1=0.8587
  Aux heads             NB-AUC=0.9938017076399535  NB-AP=0.993757035533357  MC-AUC=0.9976982249863586  MC-AP=0.9988093789650613  Risk-MAE=0.4692493469682197
[+] Gatekeeper improved. Saved weights to /home/sam/genos/genos_api/models/gatekeeper.pt
------------------------------------------------------------------------
[*] Epoch 3/5 step 100/1663 train_acc=93.03%
[*] Epoch 3/5 step 200/1663 train_acc=93.44%
[*] Epoch 3/5 step 300/1663 train_acc=93.50%
[*] Epoch 3/5 step 400/1663 train_acc=93.49%
[*] Epoch 3/5 step 500/1663 train_acc=93.57%
[*] Epoch 3/5 step 600/1663 train_acc=93.56%
[*] Epoch 3/5 step 700/1663 train_acc=93.57%
[*] Epoch 3/5 step 800/1663 train_acc=93.67%
[*] Epoch 3/5 step 900/1663 train_acc=93.73%
[*] Epoch 3/5 step 1000/1663 train_acc=93.83%
[*] Epoch 3/5 step 1100/1663 train_acc=93.80%
[*] Epoch 3/5 step 1200/1663 train_acc=93.85%
[*] Epoch 3/5 step 1300/1663 train_acc=93.90%
[*] Epoch 3/5 step 1400/1663 train_acc=93.90%
[*] Epoch 3/5 step 1500/1663 train_acc=93.96%
[*] Epoch 3/5 step 1600/1663 train_acc=93.98%
[*] Epoch 3/5 step 1663/1663 train_acc=94.03%

[Epoch 3] train_loss=0.3523 train_acc=94.03% | val_acc=94.58% val_macro_f1=0.9362
  Benign                P=0.9872  R=0.9287  F1=0.9570
  Malicious             P=0.9382  R=0.9621  F1=0.9500
  Context_Dependent     P=0.8375  R=0.9763  F1=0.9016
  Aux heads             NB-AUC=0.995199261189186  NB-AP=0.9949413879041925  MC-AUC=0.9982166238922816  MC-AP=0.9990767568460904  Risk-MAE=0.46447907024909085
[+] Gatekeeper improved. Saved weights to /home/sam/genos/genos_api/models/gatekeeper.pt
------------------------------------------------------------------------
[*] Epoch 4/5 step 100/1663 train_acc=94.19%
[*] Epoch 4/5 step 200/1663 train_acc=94.34%
[*] Epoch 4/5 step 300/1663 train_acc=94.55%
[*] Epoch 4/5 step 400/1663 train_acc=94.39%
[*] Epoch 4/5 step 500/1663 train_acc=94.56%
[*] Epoch 4/5 step 600/1663 train_acc=94.65%
[*] Epoch 4/5 step 700/1663 train_acc=94.70%
[*] Epoch 4/5 step 800/1663 train_acc=94.78%
[*] Epoch 4/5 step 900/1663 train_acc=94.77%
[*] Epoch 4/5 step 1000/1663 train_acc=94.77%
[*] Epoch 4/5 step 1100/1663 train_acc=94.73%
[*] Epoch 4/5 step 1200/1663 train_acc=94.76%
[*] Epoch 4/5 step 1300/1663 train_acc=94.85%
[*] Epoch 4/5 step 1400/1663 train_acc=94.93%
[*] Epoch 4/5 step 1500/1663 train_acc=94.95%
[*] Epoch 4/5 step 1600/1663 train_acc=94.97%
[*] Epoch 4/5 step 1663/1663 train_acc=95.00%

[Epoch 4] train_loss=0.3177 train_acc=95.00% | val_acc=95.53% val_macro_f1=0.9471
  Benign                P=0.9872  R=0.9457  F1=0.9660
  Malicious             P=0.9454  R=0.9635  F1=0.9544
  Context_Dependent     P=0.8733  R=0.9742  F1=0.9210
  Aux heads             NB-AUC=0.9959385480641112  NB-AP=0.9956234466728109  MC-AUC=0.9984747749534515  MC-AP=0.9992143939806756  Risk-MAE=0.46495407263722727
[+] Gatekeeper improved. Saved weights to /home/sam/genos/genos_api/models/gatekeeper.pt
------------------------------------------------------------------------
[*] Epoch 5/5 step 100/1663 train_acc=95.22%
[*] Epoch 5/5 step 200/1663 train_acc=95.47%
[*] Epoch 5/5 step 300/1663 train_acc=95.46%
[*] Epoch 5/5 step 400/1663 train_acc=95.52%
[*] Epoch 5/5 step 500/1663 train_acc=95.57%
[*] Epoch 5/5 step 600/1663 train_acc=95.60%
[*] Epoch 5/5 step 700/1663 train_acc=95.54%
[*] Epoch 5/5 step 800/1663 train_acc=95.57%
[*] Epoch 5/5 step 900/1663 train_acc=95.57%
[*] Epoch 5/5 step 1000/1663 train_acc=95.61%
[*] Epoch 5/5 step 1100/1663 train_acc=95.64%
[*] Epoch 5/5 step 1200/1663 train_acc=95.66%
[*] Epoch 5/5 step 1300/1663 train_acc=95.71%
[*] Epoch 5/5 step 1400/1663 train_acc=95.70%
[*] Epoch 5/5 step 1500/1663 train_acc=95.77%
[*] Epoch 5/5 step 1600/1663 train_acc=95.83%
[*] Epoch 5/5 step 1663/1663 train_acc=95.86%

[Epoch 5] train_loss=0.2952 train_acc=95.86% | val_acc=95.62% val_macro_f1=0.9470
  Benign                P=0.9880  R=0.9485  F1=0.9679
  Malicious             P=0.9545  R=0.9578  F1=0.9562
  Context_Dependent     P=0.8612  R=0.9805  F1=0.9170
  Aux heads             NB-AUC=0.9963999679871403  NB-AP=0.9961475745676239  MC-AUC=0.9985294146668284  MC-AP=0.9992456451739921  Risk-MAE=0.4714121801955966
------------------------------------------------------------------------
/home/sam/genos/genos_api/scripts/training/trainer1.py:506: FutureWarning: You are using `torch.load` with `weights_only=False` (the current default value), which uses the default pickle module implicitly. It is possible to construct malicious pickle data which will execute arbitrary code during unpickling (See https://github.com/pytorch/pytorch/blob/main/SECURITY.md#untrusted-models for more details). In a future release, the default value for `weights_only` will be flipped to `True`. This limits the functions that could be executed during unpickling. Arbitrary objects will no longer be allowed to be loaded via this mode unless they are explicitly allowlisted by the user via `torch.serialization.add_safe_globals`. We recommend you start setting `weights_only=True` for any use case where you don't have full control of the loaded file. Please open an issue on GitHub for any issues related to this experimental feature.
  raw_model.load_state_dict(torch.load(model_save_path, map_location=device))

[*] Final Gatekeeper results
{
  "seed": 42,
  "epochs": 5,
  "micro_batch_size": 32,
  "effective_batch_size": 256,
  "max_len": 256,
  "learning_rate": 1e-05,
  "weight_decay": 0.01,
  "label_smoothing": 0.05,
  "balanced_sampling": true,
  "sampling_power": 1.0,
  "class_weight_power": 0.5,
  "num_classes": 3,
  "label_names": [
    "Benign",
    "Malicious",
    "Context_Dependent"
  ],
  "label_map": {
    "Benign": 0,
    "Malicious": 1,
    "Context_Dependent": 2
  },
  "id_to_label": {
    "0": "Benign",
    "1": "Malicious",
    "2": "Context_Dependent"
  },
  "model_architecture": "shared_codebert_with_decision_decomposition",
  "decision_heads": [
    "verdict_logits",
    "non_benign_logit",
    "malicious_given_non_benign_logit",
    "ordinal_risk_logit"
  ],
  "non_benign_supervision_source": "verdict_label_projection",
  "malicious_given_non_benign_supervision_source": "verdict_label_projection",
  "ordinal_risk_supervision_source": "verdict_label_projection",
  "non_benign_loss_weight": 0.3,
  "malicious_context_loss_weight": 0.3,
  "ordinal_risk_loss_weight": 0.0,
  "stage_loss_weight": 0.0,
  "action_loss_weight": 0.0,
  "contrastive_loss_weight": 0.0,
  "best_epoch": 4,
  "class_weights": [
    0.7757131457328796,
    1.059149146080017,
    1.4962072372436523
  ],
  "val_metrics": {
    "accuracy": 0.9553072625698324,
    "macro_f1": 0.9471296559686712,
    "macro_precision": 0.9353110365456002,
    "macro_recall": 0.9611416995588806,
    "per_class": {
      "Benign": {
        "precision": 0.987220447284345,
        "recall": 0.9456771231828616,
        "f1": 0.9660023446658852,
        "tp": 4944,
        "fp": 64,
        "fn": 284
      },
      "Malicious": {
        "precision": 0.9454292665971498,
        "recall": 0.9635139922068722,
        "f1": 0.9543859649122807,
        "tp": 2720,
        "fp": 157,
        "fn": 103
      },
      "Context_Dependent": {
        "precision": 0.8732833957553059,
        "recall": 0.974233983286908,
        "f1": 0.9210006583278473,
        "tp": 1399,
        "fp": 203,
        "fn": 37
      }
    },
    "loss": 0.1561049916438387,
    "auxiliary": {
      "non_benign_auc": 0.9959385480641112,
      "non_benign_ap": 0.9956234466728109,
      "malicious_given_non_benign_auc": 0.9984747749534515,
      "malicious_given_non_benign_ap": 0.9992143939806756,
      "ordinal_mae": 0.46495407263722727
    }
  },
  "test_metrics": {
    "accuracy": 0.9374439685227612,
    "macro_f1": 0.9198340200996435,
    "macro_precision": 0.9147213573349986,
    "macro_recall": 0.9255180129923465,
    "per_class": {
      "Benign": {
        "precision": 0.9696913350687988,
        "recall": 0.9391320007203313,
        "f1": 0.9541670478455767,
        "tp": 5215,
        "fp": 163,
        "fn": 338
      },
      "Malicious": {
        "precision": 0.9254161331626121,
        "recall": 0.969158565202816,
        "f1": 0.9467823808744064,
        "tp": 2891,
        "fp": 233,
        "fn": 92
      },
      "Context_Dependent": {
        "precision": 0.8490566037735849,
        "recall": 0.8682634730538922,
        "f1": 0.8585526315789473,
        "tp": 1305,
        "fp": 232,
        "fn": 198
      }
    },
    "loss": 0.1977421099095364,
    "auxiliary": {
      "non_benign_auc": 0.9913398660931956,
      "non_benign_ap": 0.9896380624299528,
      "malicious_given_non_benign_auc": 0.9936810923911481,
      "malicious_given_non_benign_ap": 0.9966702025632581,
      "ordinal_mae": 0.46530048922483563
    }
  },
  "model_path": "/home/sam/genos/genos_api/models/gatekeeper.pt"
}
[+] Metadata saved to /home/sam/genos/genos_api/config/gatekeeper_meta.json
