[*] Training on device: cuda
Warning: You are sending unauthenticated requests to the HF Hub. Please set a HF_TOKEN to enable higher rate limits and faster downloads.
[*] Loading and pre-tokenizing Gatekeeper 3-class dataset (Train)...
[+] Train load complete: 29465 benign | 15805 malicious | 7920 context_dependent
[*] Loading and pre-tokenizing Gatekeeper 3-class dataset (Validation)...
[+] Validation load complete: 5228 benign | 2823 malicious | 1436 context_dependent
[*] Loading and pre-tokenizing Gatekeeper 3-class dataset (Test)...
[+] Test load complete: 5553 benign | 2983 malicious | 1503 context_dependent
[*] Batch config: micro=32, grad_acc=8, effective=256
Loading weights:   0%|          | 0/199 [00:00<?, ?it/s]Loading weights: 100%|██████████| 199/199 [00:00<00:00, 18408.24it/s]
[*] torch.compile() disabled.
[*] Dynamic class weights: Benign=0.7757, Malicious=1.0591, Context_Dependent=1.4962
[*] Balanced sampling enabled: power=1.00 (replacement sampling across classes)
[*] Epoch 1/5 step 100/1663 train_acc=35.19%
[*] Epoch 1/5 step 200/1663 train_acc=41.89%
[*] Epoch 1/5 step 300/1663 train_acc=46.29%
[*] Epoch 1/5 step 400/1663 train_acc=49.44%
[*] Epoch 1/5 step 500/1663 train_acc=54.22%
[*] Epoch 1/5 step 600/1663 train_acc=58.52%
[*] Epoch 1/5 step 700/1663 train_acc=61.71%
[*] Epoch 1/5 step 800/1663 train_acc=64.33%
[*] Epoch 1/5 step 900/1663 train_acc=66.66%
[*] Epoch 1/5 step 1000/1663 train_acc=68.51%
[*] Epoch 1/5 step 1100/1663 train_acc=70.17%
[*] Epoch 1/5 step 1200/1663 train_acc=71.54%
[*] Epoch 1/5 step 1300/1663 train_acc=72.78%
[*] Epoch 1/5 step 1400/1663 train_acc=73.95%
[*] Epoch 1/5 step 1500/1663 train_acc=74.97%
[*] Epoch 1/5 step 1600/1663 train_acc=75.83%
[*] Epoch 1/5 step 1663/1663 train_acc=76.32%

[Epoch 1] train_loss=0.5564 train_acc=76.32% | val_acc=90.29% val_macro_f1=0.8901
  Benign                P=0.9806  R=0.8606  F1=0.9167
  Malicious             P=0.8816  R=0.9550  F1=0.9169
  Context_Dependent     P=0.7447  R=0.9547  F1=0.8367
  Aux heads             NB-AUC=0.35844145158737617  NB-AP=0.3543864348198374  MC-AUC=0.11076185274757586  MC-AP=0.4960835264830322  Risk-MAE=0.514225932937836
[+] Gatekeeper improved. Saved weights to /home/sam/genos/genos_api/models/gatekeeper.pt
------------------------------------------------------------------------
[*] Epoch 2/5 step 100/1663 train_acc=90.50%
[*] Epoch 2/5 step 200/1663 train_acc=89.83%
[*] Epoch 2/5 step 300/1663 train_acc=90.07%
[*] Epoch 2/5 step 400/1663 train_acc=90.04%
[*] Epoch 2/5 step 500/1663 train_acc=90.15%
[*] Epoch 2/5 step 600/1663 train_acc=90.33%
[*] Epoch 2/5 step 700/1663 train_acc=90.61%
[*] Epoch 2/5 step 800/1663 train_acc=90.84%
[*] Epoch 2/5 step 900/1663 train_acc=91.00%
[*] Epoch 2/5 step 1000/1663 train_acc=91.07%
[*] Epoch 2/5 step 1100/1663 train_acc=91.22%
[*] Epoch 2/5 step 1200/1663 train_acc=91.31%
[*] Epoch 2/5 step 1300/1663 train_acc=91.47%
[*] Epoch 2/5 step 1400/1663 train_acc=91.52%
[*] Epoch 2/5 step 1500/1663 train_acc=91.62%
[*] Epoch 2/5 step 1600/1663 train_acc=91.68%
[*] Epoch 2/5 step 1663/1663 train_acc=91.72%

[Epoch 2] train_loss=0.3350 train_acc=91.72% | val_acc=93.46% val_macro_f1=0.9217
  Benign                P=0.9836  R=0.9176  F1=0.9494
  Malicious             P=0.9415  R=0.9465  F1=0.9440
  Context_Dependent     P=0.7889  R=0.9735  F1=0.8716
  Aux heads             NB-AUC=0.3220036942337151  NB-AP=0.34168881966220055  MC-AUC=0.06609542881444404  MC-AP=0.47204958502528005  Risk-MAE=0.5132050818307289
[+] Gatekeeper improved. Saved weights to /home/sam/genos/genos_api/models/gatekeeper.pt
------------------------------------------------------------------------
[*] Epoch 3/5 step 100/1663 train_acc=93.12%
[*] Epoch 3/5 step 200/1663 train_acc=93.45%
[*] Epoch 3/5 step 300/1663 train_acc=93.46%
[*] Epoch 3/5 step 400/1663 train_acc=93.41%
[*] Epoch 3/5 step 500/1663 train_acc=93.52%
[*] Epoch 3/5 step 600/1663 train_acc=93.57%
[*] Epoch 3/5 step 700/1663 train_acc=93.61%
[*] Epoch 3/5 step 800/1663 train_acc=93.70%
[*] Epoch 3/5 step 900/1663 train_acc=93.79%
[*] Epoch 3/5 step 1000/1663 train_acc=93.87%
[*] Epoch 3/5 step 1100/1663 train_acc=93.80%
[*] Epoch 3/5 step 1200/1663 train_acc=93.85%
[*] Epoch 3/5 step 1300/1663 train_acc=93.89%
[*] Epoch 3/5 step 1400/1663 train_acc=93.92%
[*] Epoch 3/5 step 1500/1663 train_acc=93.99%
[*] Epoch 3/5 step 1600/1663 train_acc=94.00%
[*] Epoch 3/5 step 1663/1663 train_acc=94.04%

[Epoch 3] train_loss=0.2920 train_acc=94.04% | val_acc=94.15% val_macro_f1=0.9313
  Benign                P=0.9869  R=0.9239  F1=0.9544
  Malicious             P=0.9293  R=0.9586  F1=0.9437
  Context_Dependent     P=0.8305  R=0.9721  F1=0.8957
  Aux heads             NB-AUC=0.4152600784368957  NB-AP=0.3860502118700557  MC-AUC=0.029840190555692044  MC-AP=0.45530082055413207  Risk-MAE=0.5024720042475888
[+] Gatekeeper improved. Saved weights to /home/sam/genos/genos_api/models/gatekeeper.pt
------------------------------------------------------------------------
[*] Epoch 4/5 step 100/1663 train_acc=94.25%
[*] Epoch 4/5 step 200/1663 train_acc=94.66%
[*] Epoch 4/5 step 300/1663 train_acc=94.67%
[*] Epoch 4/5 step 400/1663 train_acc=94.62%
[*] Epoch 4/5 step 500/1663 train_acc=94.71%
[*] Epoch 4/5 step 600/1663 train_acc=94.85%
[*] Epoch 4/5 step 700/1663 train_acc=94.90%
[*] Epoch 4/5 step 800/1663 train_acc=94.96%
[*] Epoch 4/5 step 900/1663 train_acc=94.94%
[*] Epoch 4/5 step 1000/1663 train_acc=94.95%
[*] Epoch 4/5 step 1100/1663 train_acc=94.94%
[*] Epoch 4/5 step 1200/1663 train_acc=95.00%
[*] Epoch 4/5 step 1300/1663 train_acc=95.06%
[*] Epoch 4/5 step 1400/1663 train_acc=95.12%
[*] Epoch 4/5 step 1500/1663 train_acc=95.12%
[*] Epoch 4/5 step 1600/1663 train_acc=95.14%
[*] Epoch 4/5 step 1663/1663 train_acc=95.17%

[Epoch 4] train_loss=0.2682 train_acc=95.17% | val_acc=95.04% val_macro_f1=0.9412
  Benign                P=0.9889  R=0.9363  F1=0.9619
  Malicious             P=0.9386  R=0.9646  F1=0.9514
  Context_Dependent     P=0.8545  R=0.9735  F1=0.9102
  Aux heads             NB-AUC=0.3686682758128832  NB-AP=0.3629054799586378  MC-AUC=0.0294827506248415  MC-AP=0.4564293626124003  Risk-MAE=0.501160407827817
[+] Gatekeeper improved. Saved weights to /home/sam/genos/genos_api/models/gatekeeper.pt
------------------------------------------------------------------------
[*] Epoch 5/5 step 100/1663 train_acc=95.12%
[*] Epoch 5/5 step 200/1663 train_acc=95.28%
[*] Epoch 5/5 step 300/1663 train_acc=95.33%
[*] Epoch 5/5 step 400/1663 train_acc=95.38%
[*] Epoch 5/5 step 500/1663 train_acc=95.50%
[*] Epoch 5/5 step 600/1663 train_acc=95.59%
[*] Epoch 5/5 step 700/1663 train_acc=95.57%
[*] Epoch 5/5 step 800/1663 train_acc=95.59%
[*] Epoch 5/5 step 900/1663 train_acc=95.59%
[*] Epoch 5/5 step 1000/1663 train_acc=95.62%
[*] Epoch 5/5 step 1100/1663 train_acc=95.69%
[*] Epoch 5/5 step 1200/1663 train_acc=95.70%
[*] Epoch 5/5 step 1300/1663 train_acc=95.76%
[*] Epoch 5/5 step 1400/1663 train_acc=95.77%
[*] Epoch 5/5 step 1500/1663 train_acc=95.85%
[*] Epoch 5/5 step 1600/1663 train_acc=95.92%
[*] Epoch 5/5 step 1663/1663 train_acc=95.98%

[Epoch 5] train_loss=0.2538 train_acc=95.98% | val_acc=95.57% val_macro_f1=0.9476
  Benign                P=0.9888  R=0.9459  F1=0.9669
  Malicious             P=0.9450  R=0.9621  F1=0.9535
  Context_Dependent     P=0.8722  R=0.9791  F1=0.9226
  Aux heads             NB-AUC=0.15829678741431125  NB-AP=0.2942504739383891  MC-AUC=0.01733929017215333  MC-AP=0.45226277735283893  Risk-MAE=0.5109641966885606
[+] Gatekeeper improved. Saved weights to /home/sam/genos/genos_api/models/gatekeeper.pt
------------------------------------------------------------------------
/home/sam/genos/genos_api/scripts/training/trainer1.py:506: FutureWarning: You are using `torch.load` with `weights_only=False` (the current default value), which uses the default pickle module implicitly. It is possible to construct malicious pickle data which will execute arbitrary code during unpickling (See https://github.com/pytorch/pytorch/blob/main/SECURITY.md#untrusted-models for more details). In a future release, the default value for `weights_only` will be flipped to `True`. This limits the functions that could be executed during unpickling. Arbitrary objects will no longer be allowed to be loaded via this mode unless they are explicitly allowlisted by the user via `torch.serialization.add_safe_globals`. We recommend you start setting `weights_only=True` for any use case where you don't have full control of the loaded file. Please open an issue on GitHub for any issues related to this experimental feature.
  raw_model.load_state_dict(torch.load(model_save_path, map_location=device))

[*] Final Gatekeeper results
{
  "seed": 42,
  "epochs": 5,
  "micro_batch_size": 32,
  "effective_batch_size": 256,
  "max_len": 256,
  "learning_rate": 1e-05,
  "weight_decay": 0.01,
  "label_smoothing": 0.05,
  "balanced_sampling": true,
  "sampling_power": 1.0,
  "class_weight_power": 0.5,
  "num_classes": 3,
  "label_names": [
    "Benign",
    "Malicious",
    "Context_Dependent"
  ],
  "model_architecture": "shared_codebert_with_decision_decomposition",
  "decision_heads": [
    "verdict_logits",
    "non_benign_logit",
    "malicious_given_non_benign_logit",
    "ordinal_risk_logit"
  ],
  "non_benign_supervision_source": "verdict_label_projection",
  "malicious_given_non_benign_supervision_source": "verdict_label_projection",
  "ordinal_risk_supervision_source": "verdict_label_projection",
  "non_benign_loss_weight": 0.0,
  "malicious_context_loss_weight": 0.0,
  "ordinal_risk_loss_weight": 0.0,
  "stage_loss_weight": 0.0,
  "action_loss_weight": 0.0,
  "contrastive_loss_weight": 0.0,
  "best_epoch": 5,
  "class_weights": [
    0.7757131457328796,
    1.059149146080017,
    1.4962072372436523
  ],
  "val_metrics": {
    "accuracy": 0.9557288921682302,
    "macro_f1": 0.9476384663155368,
    "macro_precision": 0.9353450108581661,
    "macro_recall": 0.9623580319603392,
    "per_class": {
      "Benign": {
        "precision": 0.9888022395520896,
        "recall": 0.9458684009181332,
        "f1": 0.9668589304917392,
        "tp": 4945,
        "fp": 56,
        "fn": 283
      },
      "Malicious": {
        "precision": 0.9450243562978428,
        "recall": 0.9620970598653914,
        "f1": 0.9534842899771809,
        "tp": 2716,
        "fp": 158,
        "fn": 107
      },
      "Context_Dependent": {
        "precision": 0.8722084367245657,
        "recall": 0.979108635097493,
        "f1": 0.9225721784776901,
        "tp": 1406,
        "fp": 206,
        "fn": 30
      }
    },
    "loss": 0.1514411549102246,
    "auxiliary": {
      "non_benign_auc": 0.15829678741431125,
      "non_benign_ap": 0.2942504739383891,
      "malicious_given_non_benign_auc": 0.01733929017215333,
      "malicious_given_non_benign_ap": 0.45226277735283893,
      "ordinal_mae": 0.5109641966885606
    }
  },
  "test_metrics": {
    "accuracy": 0.9450144436696882,
    "macro_f1": 0.9305282779958528,
    "macro_precision": 0.9247405481081632,
    "macro_recall": 0.9368538530395809,
    "per_class": {
      "Benign": {
        "precision": 0.973268980879896,
        "recall": 0.9441743201872862,
        "f1": 0.9585009140767824,
        "tp": 5243,
        "fp": 144,
        "fn": 310
      },
      "Malicious": {
        "precision": 0.9360877985797289,
        "recall": 0.9721756620851492,
        "f1": 0.9537904949843776,
        "tp": 2900,
        "fp": 198,
        "fn": 83
      },
      "Context_Dependent": {
        "precision": 0.8648648648648649,
        "recall": 0.8942115768463074,
        "f1": 0.8792934249263984,
        "tp": 1344,
        "fp": 210,
        "fn": 159
      }
    },
    "loss": 0.18799091532525106,
    "auxiliary": {
      "non_benign_auc": 0.1835034887336628,
      "non_benign_ap": 0.2979793872679377,
      "malicious_given_non_benign_auc": 0.03152026486751607,
      "malicious_given_non_benign_ap": 0.4549132745617671,
      "ordinal_mae": 0.5113067338162417
    }
  },
  "model_path": "/home/sam/genos/genos_api/models/gatekeeper.pt"
}
[+] Metadata saved to /home/sam/genos/genos_api/config/gatekeeper_meta.json
