[*] Training on device: cuda
[*] Loading and pre-tokenizing Gatekeeper 3-class dataset (Train)...
[+] Train load complete: 29465 benign | 15805 malicious | 7920 context_dependent
[*] Loading and pre-tokenizing Gatekeeper 3-class dataset (Validation)...
[+] Validation load complete: 5228 benign | 2823 malicious | 1436 context_dependent
[*] Loading and pre-tokenizing Gatekeeper 3-class dataset (Test)...
[+] Test load complete: 5553 benign | 2983 malicious | 1503 context_dependent
[*] Batch config: micro=32, grad_acc=8, effective=256
Warning: You are sending unauthenticated requests to the HF Hub. Please set a HF_TOKEN to enable higher rate limits and faster downloads.
Loading weights:   0%|          | 0/199 [00:00<?, ?it/s]Loading weights: 100%|██████████| 199/199 [00:00<00:00, 14504.59it/s]
[*] torch.compile() disabled.
[*] Dynamic class weights: Benign=0.7757, Malicious=1.0591, Context_Dependent=1.4962
[*] Balanced sampling enabled: power=1.00 (replacement sampling across classes)
[*] Epoch 1/5 step 100/1663 train_acc=35.22%
[*] Epoch 1/5 step 200/1663 train_acc=40.77%
[*] Epoch 1/5 step 300/1663 train_acc=45.53%
[*] Epoch 1/5 step 400/1663 train_acc=48.48%
[*] Epoch 1/5 step 500/1663 train_acc=52.86%
[*] Epoch 1/5 step 600/1663 train_acc=57.30%
[*] Epoch 1/5 step 700/1663 train_acc=60.65%
[*] Epoch 1/5 step 800/1663 train_acc=63.42%
[*] Epoch 1/5 step 900/1663 train_acc=65.80%
[*] Epoch 1/5 step 1000/1663 train_acc=67.68%
[*] Epoch 1/5 step 1100/1663 train_acc=69.39%
[*] Epoch 1/5 step 1200/1663 train_acc=70.77%
[*] Epoch 1/5 step 1300/1663 train_acc=72.01%
[*] Epoch 1/5 step 1400/1663 train_acc=73.24%
[*] Epoch 1/5 step 1500/1663 train_acc=74.33%
[*] Epoch 1/5 step 1600/1663 train_acc=75.21%
[*] Epoch 1/5 step 1663/1663 train_acc=75.73%

[Epoch 1] train_loss=0.6650 train_acc=75.73% | val_acc=92.05% val_macro_f1=0.9070
  Benign                P=0.9777  R=0.8980  F1=0.9362
  Malicious             P=0.9134  R=0.9458  F1=0.9293
  Context_Dependent     P=0.7764  R=0.9526  F1=0.8555
  Aux heads             NB-AUC=0.989345910985926  NB-AP=0.9892729581707136  MC-AUC=0.07876740207033944  MC-AP=0.4724715491369966  Risk-MAE=0.4954530706493096
[+] Gatekeeper improved. Saved weights to /home/sam/genos/genos_api/models/gatekeeper.pt
------------------------------------------------------------------------
[*] Epoch 2/5 step 100/1663 train_acc=90.22%
[*] Epoch 2/5 step 200/1663 train_acc=89.64%
[*] Epoch 2/5 step 300/1663 train_acc=89.98%
[*] Epoch 2/5 step 400/1663 train_acc=89.95%
[*] Epoch 2/5 step 500/1663 train_acc=90.01%
[*] Epoch 2/5 step 600/1663 train_acc=90.25%
[*] Epoch 2/5 step 700/1663 train_acc=90.48%
[*] Epoch 2/5 step 800/1663 train_acc=90.71%
[*] Epoch 2/5 step 900/1663 train_acc=90.83%
[*] Epoch 2/5 step 1000/1663 train_acc=90.91%
[*] Epoch 2/5 step 1100/1663 train_acc=91.01%
[*] Epoch 2/5 step 1200/1663 train_acc=91.14%
[*] Epoch 2/5 step 1300/1663 train_acc=91.29%
[*] Epoch 2/5 step 1400/1663 train_acc=91.34%
[*] Epoch 2/5 step 1500/1663 train_acc=91.42%
[*] Epoch 2/5 step 1600/1663 train_acc=91.46%
[*] Epoch 2/5 step 1663/1663 train_acc=91.52%

[Epoch 2] train_loss=0.3829 train_acc=91.52% | val_acc=93.23% val_macro_f1=0.9183
  Benign                P=0.9856  R=0.9145  F1=0.9487
  Malicious             P=0.9413  R=0.9437  F1=0.9425
  Context_Dependent     P=0.7752  R=0.9749  F1=0.8637
  Aux heads             NB-AUC=0.9939448403336163  NB-AP=0.993869092765102  MC-AUC=0.04881484858262363  MC-AP=0.46142281774819166  Risk-MAE=0.501221938367964
[+] Gatekeeper improved. Saved weights to /home/sam/genos/genos_api/models/gatekeeper.pt
------------------------------------------------------------------------
[*] Epoch 3/5 step 100/1663 train_acc=92.91%
[*] Epoch 3/5 step 200/1663 train_acc=93.28%
[*] Epoch 3/5 step 300/1663 train_acc=93.36%
[*] Epoch 3/5 step 400/1663 train_acc=93.34%
[*] Epoch 3/5 step 500/1663 train_acc=93.46%
[*] Epoch 3/5 step 600/1663 train_acc=93.48%
[*] Epoch 3/5 step 700/1663 train_acc=93.47%
[*] Epoch 3/5 step 800/1663 train_acc=93.58%
[*] Epoch 3/5 step 900/1663 train_acc=93.65%
[*] Epoch 3/5 step 1000/1663 train_acc=93.73%
[*] Epoch 3/5 step 1100/1663 train_acc=93.69%
[*] Epoch 3/5 step 1200/1663 train_acc=93.75%
[*] Epoch 3/5 step 1300/1663 train_acc=93.77%
[*] Epoch 3/5 step 1400/1663 train_acc=93.79%
[*] Epoch 3/5 step 1500/1663 train_acc=93.84%
[*] Epoch 3/5 step 1600/1663 train_acc=93.85%
[*] Epoch 3/5 step 1663/1663 train_acc=93.91%

[Epoch 3] train_loss=0.3270 train_acc=93.91% | val_acc=94.02% val_macro_f1=0.9282
  Benign                P=0.9893  R=0.9223  F1=0.9547
  Malicious             P=0.9368  R=0.9554  F1=0.9460
  Context_Dependent     P=0.8080  R=0.9756  F1=0.8839
  Aux heads             NB-AUC=0.9954200008155913  NB-AP=0.9951900941521794  MC-AUC=0.030376597132389438  MC-AP=0.45478135469063896  Risk-MAE=0.5020103321897729
[+] Gatekeeper improved. Saved weights to /home/sam/genos/genos_api/models/gatekeeper.pt
------------------------------------------------------------------------
[*] Epoch 4/5 step 100/1663 train_acc=93.94%
[*] Epoch 4/5 step 200/1663 train_acc=94.50%
[*] Epoch 4/5 step 300/1663 train_acc=94.57%
[*] Epoch 4/5 step 400/1663 train_acc=94.44%
[*] Epoch 4/5 step 500/1663 train_acc=94.51%
[*] Epoch 4/5 step 600/1663 train_acc=94.66%
[*] Epoch 4/5 step 700/1663 train_acc=94.67%
[*] Epoch 4/5 step 800/1663 train_acc=94.78%
[*] Epoch 4/5 step 900/1663 train_acc=94.80%
[*] Epoch 4/5 step 1000/1663 train_acc=94.82%
[*] Epoch 4/5 step 1100/1663 train_acc=94.78%
[*] Epoch 4/5 step 1200/1663 train_acc=94.81%
[*] Epoch 4/5 step 1300/1663 train_acc=94.89%
[*] Epoch 4/5 step 1400/1663 train_acc=94.94%
[*] Epoch 4/5 step 1500/1663 train_acc=94.93%
[*] Epoch 4/5 step 1600/1663 train_acc=94.97%
[*] Epoch 4/5 step 1663/1663 train_acc=94.99%

[Epoch 4] train_loss=0.2996 train_acc=94.99% | val_acc=95.31% val_macro_f1=0.9443
  Benign                P=0.9893  R=0.9409  F1=0.9645
  Malicious             P=0.9397  R=0.9660  F1=0.9527
  Context_Dependent     P=0.8655  R=0.9721  F1=0.9157
  Aux heads             NB-AUC=0.9963492180832058  NB-AP=0.9961094110704765  MC-AUC=0.028703363832900654  MC-AP=0.45522107765703074  Risk-MAE=0.4933962367087857
[+] Gatekeeper improved. Saved weights to /home/sam/genos/genos_api/models/gatekeeper.pt
------------------------------------------------------------------------
[*] Epoch 5/5 step 100/1663 train_acc=95.22%
[*] Epoch 5/5 step 200/1663 train_acc=95.39%
[*] Epoch 5/5 step 300/1663 train_acc=95.33%
[*] Epoch 5/5 step 400/1663 train_acc=95.39%
[*] Epoch 5/5 step 500/1663 train_acc=95.52%
[*] Epoch 5/5 step 600/1663 train_acc=95.55%
[*] Epoch 5/5 step 700/1663 train_acc=95.48%
[*] Epoch 5/5 step 800/1663 train_acc=95.48%
[*] Epoch 5/5 step 900/1663 train_acc=95.48%
[*] Epoch 5/5 step 1000/1663 train_acc=95.53%
[*] Epoch 5/5 step 1100/1663 train_acc=95.55%
[*] Epoch 5/5 step 1200/1663 train_acc=95.57%
[*] Epoch 5/5 step 1300/1663 train_acc=95.62%
[*] Epoch 5/5 step 1400/1663 train_acc=95.64%
[*] Epoch 5/5 step 1500/1663 train_acc=95.72%
[*] Epoch 5/5 step 1600/1663 train_acc=95.78%
[*] Epoch 5/5 step 1663/1663 train_acc=95.84%

[Epoch 5] train_loss=0.2803 train_acc=95.84% | val_acc=95.82% val_macro_f1=0.9499
  Benign                P=0.9885  R=0.9516  F1=0.9697
  Malicious             P=0.9492  R=0.9607  F1=0.9549
  Context_Dependent     P=0.8785  R=0.9770  F1=0.9252
  Aux heads             NB-AUC=0.996727417146066  NB-AP=0.9964766901341329  MC-AUC=0.019196423725920283  MC-AP=0.4512160941352962  Risk-MAE=0.5021767039764942
[+] Gatekeeper improved. Saved weights to /home/sam/genos/genos_api/models/gatekeeper.pt
------------------------------------------------------------------------
/home/sam/genos/genos_api/scripts/training/trainer1.py:506: FutureWarning: You are using `torch.load` with `weights_only=False` (the current default value), which uses the default pickle module implicitly. It is possible to construct malicious pickle data which will execute arbitrary code during unpickling (See https://github.com/pytorch/pytorch/blob/main/SECURITY.md#untrusted-models for more details). In a future release, the default value for `weights_only` will be flipped to `True`. This limits the functions that could be executed during unpickling. Arbitrary objects will no longer be allowed to be loaded via this mode unless they are explicitly allowlisted by the user via `torch.serialization.add_safe_globals`. We recommend you start setting `weights_only=True` for any use case where you don't have full control of the loaded file. Please open an issue on GitHub for any issues related to this experimental feature.
  raw_model.load_state_dict(torch.load(model_save_path, map_location=device))

[*] Final Gatekeeper results
{
  "seed": 42,
  "epochs": 5,
  "micro_batch_size": 32,
  "effective_batch_size": 256,
  "max_len": 256,
  "learning_rate": 1e-05,
  "weight_decay": 0.01,
  "label_smoothing": 0.05,
  "balanced_sampling": true,
  "sampling_power": 1.0,
  "class_weight_power": 0.5,
  "num_classes": 3,
  "label_names": [
    "Benign",
    "Malicious",
    "Context_Dependent"
  ],
  "model_architecture": "shared_codebert_with_decision_decomposition",
  "decision_heads": [
    "verdict_logits",
    "non_benign_logit",
    "malicious_given_non_benign_logit",
    "ordinal_risk_logit"
  ],
  "non_benign_supervision_source": "verdict_label_projection",
  "malicious_given_non_benign_supervision_source": "verdict_label_projection",
  "ordinal_risk_supervision_source": "verdict_label_projection",
  "non_benign_loss_weight": 0.3,
  "malicious_context_loss_weight": 0.0,
  "ordinal_risk_loss_weight": 0.0,
  "stage_loss_weight": 0.0,
  "action_loss_weight": 0.0,
  "contrastive_loss_weight": 0.0,
  "best_epoch": 5,
  "class_weights": [
    0.7757131457328796,
    1.059149146080017,
    1.4962072372436523
  ],
  "val_metrics": {
    "accuracy": 0.9581532623590177,
    "macro_f1": 0.949925750443512,
    "macro_precision": 0.9387485831899727,
    "macro_recall": 0.9631021197024783,
    "per_class": {
      "Benign": {
        "precision": 0.9884760580170873,
        "recall": 0.9516067329762815,
        "f1": 0.969691063249196,
        "tp": 4975,
        "fp": 58,
        "fn": 253
      },
      "Malicious": {
        "precision": 0.9492474623731186,
        "recall": 0.9606801275239107,
        "f1": 0.9549295774647887,
        "tp": 2712,
        "fp": 145,
        "fn": 111
      },
      "Context_Dependent": {
        "precision": 0.878522229179712,
        "recall": 0.9770194986072424,
        "f1": 0.9251566106165513,
        "tp": 1403,
        "fp": 194,
        "fn": 33
      }
    },
    "loss": 0.14406978944537385,
    "auxiliary": {
      "non_benign_auc": 0.996727417146066,
      "non_benign_ap": 0.9964766901341329,
      "malicious_given_non_benign_auc": 0.019196423725920283,
      "malicious_given_non_benign_ap": 0.4512160941352962,
      "ordinal_mae": 0.5021767039764942
    }
  },
  "test_metrics": {
    "accuracy": 0.9454128897300528,
    "macro_f1": 0.9308620092220038,
    "macro_precision": 0.9256076391690672,
    "macro_recall": 0.9365063674119578,
    "per_class": {
      "Benign": {
        "precision": 0.97249907715024,
        "recall": 0.9488564739780299,
        "f1": 0.9605323124601222,
        "tp": 5269,
        "fp": 149,
        "fn": 284
      },
      "Malicious": {
        "precision": 0.9373572593800978,
        "recall": 0.9631243714381496,
        "f1": 0.9500661375661376,
        "tp": 2873,
        "fp": 192,
        "fn": 110
      },
      "Context_Dependent": {
        "precision": 0.8669665809768637,
        "recall": 0.8975382568196939,
        "f1": 0.8819875776397517,
        "tp": 1349,
        "fp": 207,
        "fn": 154
      }
    },
    "loss": 0.1778937266730065,
    "auxiliary": {
      "non_benign_auc": 0.9930031233895011,
      "non_benign_ap": 0.9918918041690913,
      "malicious_given_non_benign_auc": 0.02532838000387651,
      "malicious_given_non_benign_ap": 0.4532070892646951,
      "ordinal_mae": 0.5057471418109996
    }
  },
  "model_path": "/home/sam/genos/genos_api/models/gatekeeper.pt"
}
[+] Metadata saved to /home/sam/genos/genos_api/config/gatekeeper_meta.json
